Booting Linux on physical CPU 0
Initializing cgroup subsys cpuset
Linux version 3.2.35-rt52 (gratian@spline.amer.corp.natinst.com) (gcc version 4.7.2 (GCC) ) #1 SMP PREEMPT RT Wed Dec 10 16:33:53 CST 2014
CPU: ARMv7 Processor [413fc090] revision 0 (ARMv7), cr=18c5387d
CPU: PIPT / VIPT nonaliasing data cache, VIPT aliasing instruction cache
Machine: Xilinx Zynq Platform, model: NI Dos Equis
Memory policy: ECC disabled, Data cache writealloc
On node 0 totalpages: 126976
free_area_init_node: node 0, pgdat c05d9c20, node_mem_map c061d000
  DMA zone: 1024 pages used for memmap
  DMA zone: 0 pages reserved
  DMA zone: 125952 pages, LIFO batch:31
PERCPU: Embedded 8 pages/cpu @c0a26000 s9664 r8192 d14912 u32768
pcpu-alloc: s9664 r8192 d14912 u32768 alloc=8*4096
pcpu-alloc: [0] 0 [0] 1 
Built 1 zonelists in Zone order, mobility grouping on.  Total pages: 125952
Kernel command line: console=ttyS0,115200 mtdparts=xilinx_nand:128k(fsbl)ro,11M(u-boot)ro,70M(boot-config),-(root) ubi.mtd=boot-config ubi.mtd=root root=ubi1:rootfs rw rootfstype=ubifs threadsirqs=1 kthreadd_pri=25 ksoftirqd_pri=8 irqthread_pri=15 clk_ignore_unused threadsirqs=1
PID hash table entries: 2048 (order: 1, 8192 bytes)
Dentry cache hash table entries: 65536 (order: 6, 262144 bytes)
Inode-cache hash table entries: 32768 (order: 5, 131072 bytes)
Memory: 240MB 256MB = 496MB total
Memory: 497012k/497012k available, 27276k reserved, 0K highmem
Virtual kernel memory layout:
    vector  : 0xffff0000 - 0xffff1000   (   4 kB)
    fixmap  : 0xfff00000 - 0xfffe0000   ( 896 kB)
    vmalloc : 0xe0800000 - 0xf0000000   ( 248 MB)
    lowmem  : 0xc0000000 - 0xe0000000   ( 512 MB)
    modules : 0xbf000000 - 0xc0000000   (  16 MB)
      .text : 0xc0008000 - 0xc0553640   (5422 kB)
      .init : 0xc0554000 - 0xc058f5c0   ( 238 kB)
      .data : 0xc0590000 - 0xc05dc910   ( 307 kB)
       .bss : 0xc05dc934 - 0xc061c950   ( 257 kB)
Preemptible hierarchical RCU implementation.
NR_IRQS:640
xlnx,ps7-ttc-1.00.a #0 at 0xe0804000, irq=43
Console: colour dummy device 80x30
Calibrating delay loop... 1332.01 BogoMIPS (lpj=6660096)
pid_max: default: 32768 minimum: 301
Mount-cache hash table entries: 512
Initializing cgroup subsys cpuacct
CPU: Testing write buffer coherency: ok
ftrace: allocating 15053 entries in 45 pages
CPU0: thread -1, cpu 0, socket 0, mpidr 80000000
Calibrating local timer... 333.48MHz.
CPU1: Booted secondary processor
CPU1: thread -1, cpu 1, socket 0, mpidr 80000001
Brought up 2 CPUs
SMP: Total of 2 processors activated (2664.03 BogoMIPS).
devtmpfs: initialized
NET: Registered protocol family 16
L310 cache controller enabled
l2x0: 8 ways, CACHE_ID 0x410000c8, AUX_CTRL 0x72060000, Cache size: 524288 B
registering platform device 'pl330' id 0
registering platform device 'arm-pmu' id 0
xslcr xslcr.0: at 0xF8000000 mapped to 0xE080C000
bio: create slab <bio-0> at 0
xgpiops e000a000.gpio: gpio at 0xe000a000 mapped to 0xe080e000
SCSI subsystem initialized
usbcore: registered new interface driver usbfs
usbcore: registered new interface driver hub
usbcore: registered new device driver usb
pps_core: LinuxPPS API ver. 1 registered
pps_core: Software ver. 5.3.6 - Copyright 2005-2007 Rodolfo Giometti <giometti@linux.it>
PTP clock support registered
Switching to clocksource xttcpss_timer1
NET: Registered protocol family 2
IP route cache hash table entries: 4096 (order: 2, 16384 bytes)
TCP established hash table entries: 16384 (order: 5, 131072 bytes)
TCP bind hash table entries: 16384 (order: 7, 524288 bytes)
TCP: Hash tables configured (established 16384 bind 16384)
TCP reno registered
UDP hash table entries: 256 (order: 2, 20480 bytes)
UDP-Lite hash table entries: 256 (order: 2, 20480 bytes)
NET: Registered protocol family 1
RPC: Registered named UNIX socket transport module.
RPC: Registered udp transport module.
RPC: Registered tcp transport module.
RPC: Registered tcp NFSv4.1 backchannel transport module.
Switching to clocksource scu_gtimer
pl330 dev 0 probe success
JFFS2 version 2.2. (NAND) (SUMMARY)  Â© 2001-2006 Red Hat, Inc.
msgmni has been set to 970
Block layer SCSI generic (bsg) driver version 0.4 loaded (major 251)
io scheduler noop registered
io scheduler deadline registered
io scheduler cfq registered (default)
Serial: 8250/16550 driver, 0 ports, IRQ sharing disabled
enter max3107 init
80000000.serial: ttyS0 at MMIO 0x80000000 (irq = 62) is a NI 16550
console [ttyS0] enabled
80000010.serial: ttyS1 at MMIO 0x80000010 (irq = 63) is a NI 16550
80000020.serial: ttyS2 at MMIO 0x80000020 (irq = 64) is a NI 16550
brd: module loaded
loop: module loaded
ONFI flash detected
ONFI param page 0 valid
NAND device: Manufacturer ID: 0x2c, Chip ID: 0xa3 (Micron MT29F8G08ADBDAH4)
NAND device: Using ONFI timing mode 4
Bad block table found at page 524224, version 0x01
Bad block table found at page 524160, version 0x01
4 cmdlinepart partitions found on MTD device xilinx_nand
Creating 4 MTD partitions on "xilinx_nand":
0x000000000000-0x000000020000 : "fsbl"
0x000000020000-0x000000b20000 : "u-boot"
0x000000b20000-0x000005120000 : "boot-config"
0x000005120000-0x00003ff80000 : "root"
UBI: attaching mtd2 to ubi0
UBI DBG (pid 1): ubi_attach_mtd_dev: sizeof(struct ubi_scan_leb) 40
UBI DBG (pid 1): ubi_attach_mtd_dev: sizeof(struct ubi_wl_entry) 20
UBI DBG (pid 1): io_init: min_io_size      2048
UBI DBG (pid 1): io_init: max_write_size   2048
UBI DBG (pid 1): io_init: hdrs_min_io_size 512
UBI DBG (pid 1): io_init: ec_hdr_alsize    512
UBI DBG (pid 1): io_init: vid_hdr_alsize   512
UBI DBG (pid 1): io_init: vid_hdr_offset   512
UBI DBG (pid 1): io_init: vid_hdr_aloffset 512
UBI DBG (pid 1): io_init: vid_hdr_shift    0
UBI DBG (pid 1): io_init: leb_start        2048
UBI DBG (pid 1): io_init: max_erroneous    56
UBI: physical eraseblock size:   131072 bytes (128 KiB)
UBI: logical eraseblock size:    129024 bytes
UBI: smallest flash I/O unit:    2048
UBI: sub-page size:              512
UBI: VID header offset:          512 (aligned 512)
UBI: data offset:                2048
UBI DBG (pid 1): ubi_scan: scanning is finished
UBI: max. sequence number:       57141
UBI: attached mtd2 to ubi0
UBI: MTD device name:            "boot-config"
UBI: MTD device size:            70 MiB
UBI: number of good PEBs:        560
UBI: number of bad PEBs:         0
UBI: number of corrupted PEBs:   0
UBI: max. allowed volumes:       128
UBI: wear-leveling threshold:    4096
UBI: number of internal volumes: 1
UBI: number of user volumes:     4
UBI: available PEBs:             0
UBI: total number of reserved PEBs: 560
UBI: number of PEBs reserved for bad PEB handling: 80
UBI: max/mean erase counter: 351/101
UBI: image sequence number:  0
UBI: background thread "ubi_bgt0d" started, PID 47
UBI: attaching mtd3 to ubi1
UBI DBG (pid 1): ubi_attach_mtd_dev: sizeof(struct ubi_scan_leb) 40
UBI DBG (pid 1): ubi_attach_mtd_dev: sizeof(struct ubi_wl_entry) 20
UBI DBG (pid 1): io_init: min_io_size      2048
UBI DBG (pid 1): io_init: max_write_size   2048
UBI DBG (pid 1): io_init: hdrs_min_io_size 512
UBI DBG (pid 1): io_init: ec_hdr_alsize    512
UBI DBG (pid 1): io_init: vid_hdr_alsize   512
UBI DBG (pid 1): io_init: vid_hdr_offset   512
UBI DBG (pid 1): io_init: vid_hdr_aloffset 512
UBI DBG (pid 1): io_init: vid_hdr_shift    0
UBI DBG (pid 1): io_init: leb_start        2048
UBI DBG (pid 1): io_init: max_erroneous    753
UBI: physical eraseblock size:   131072 bytes (128 KiB)
UBI: logical eraseblock size:    129024 bytes
UBI: smallest flash I/O unit:    2048
UBI: sub-page size:              512
UBI: VID header offset:          512 (aligned 512)
UBI: data offset:                2048
UBI DBG (pid 1): ubi_scan: scanning is finished
UBI: max. sequence number:       431819
UBI: attached mtd3 to ubi1
UBI: MTD device name:            "root"
UBI: MTD device size:            942 MiB
UBI: number of good PEBs:        7539
UBI: number of bad PEBs:         0
UBI: number of corrupted PEBs:   0
UBI: max. allowed volumes:       128
UBI: wear-leveling threshold:    4096
UBI: number of internal volumes: 1
UBI: number of user volumes:     1
UBI: available PEBs:             0
UBI: total number of reserved PEBs: 7539
UBI: number of PEBs reserved for bad PEB handling: 160
UBI: max/mean erase counter: 161/58
UBI: image sequence number:  0
UBI: background thread "ubi_bgt1d" started, PID 48
tun: Universal TUN/TAP device driver, 1.6
tun: (C) 1999-2004 Max Krasnyansky <maxk@qualcomm.com>
CAN device driver interface
XEMACPS mii bus: probed
xemacps e000b000.eth: eth0: pdev->id -1, baseaddr 0xe000b000, irq 54
xemacps e000c000.eth: eth1: pdev->id -1, baseaddr 0xe000c000, irq 77
xusbps-dr: probe of xusbps-ehci.0 failed with error -16
Initializing USB Mass Storage driver...
usbcore: registered new interface driver usb-storage
USB Mass Storage support registered.
Xilinx PS USB Device Controller driver (Apr 01, 2011)
mousedev: PS/2 mouse device common for all mice
i2c /dev entries driver
Registered led device: nilrt:user1:green
Registered led device: nilrt:user1:yellow
Registered led device: nilrt:status:red
Registered led device: nilrt:status:yellow
Registered led device: nilrt:wifi:primary
Registered led device: nilrt:wifi:secondary
Registered led device: nilrt:eth1:green
Registered led device: nilrt:eth1:yellow
Registered led device: nilrt:eth0:green
Registered led device: nilrt:eth0:yellow
nizynqcpld 0-0040: nizynqcpld National Instruments Dos Equis CPLD found.
rtc-ds3232 0-0068: rtc core: registered ds3232 as rtc0
cdns-i2c e0004000.i2c: 400 kHz mmio e0004000 irq 57
sdhci: Secure Digital Host Controller Interface driver
sdhci: Copyright(c) Pierre Ossman
sdhci-pltfm: SDHCI platform and OF driver helper
sdhci-of-zynq: SDHCI zync init
TCP cubic registered
NET: Registered protocol family 17
can: controller area network core (rev 20090105 abi 8)
NET: Registered protocol family 29
can: raw protocol (rev 20090105)
VFP support v0.3: implementor 41 architecture 3 part 30 variant 9 rev 4
Registering SWP/SWPB emulation handler
rtc-ds3232 0-0068: setting system clock to 2014-12-11 04:41:37 UTC (1418272897)
UBIFS: mounted UBI device 1, volume 0, name "rootfs"
UBIFS: file system size:   949229568 bytes (926982 KiB, 905 MiB, 7357 LEBs)
UBIFS: journal size:       33546240 bytes (32760 KiB, 31 MiB, 260 LEBs)
UBIFS: media format:       w4/r0 (latest is w4/r0)
UBIFS: default compressor: lzo
UBIFS: reserved for root:  4952683 bytes (4836 KiB)
VFS: Mounted root (ubifs filesystem) on device 0:13.
devtmpfs: mounted
UBIFS: mounted UBI device 0, volume 2, name "bootfs"
UBIFS: file system size:   55351296 bytes (54054 KiB, 52 MiB, 429 LEBs)
UBIFS: journal size:       7483392 bytes (7308 KiB, 7 MiB, 58 LEBs)
UBIFS: media format:       w4/r0 (latest is w4/r0)
UBIFS: default compressor: lzo
UBIFS: reserved for root:  0 bytes (0 KiB)
>udevd[167]: starting version 182
UBI error: ubi_open_volume: cannot open device 0, volume 2, error -16
UBI error: ubi_open_volume: cannot open device 1, volume 0, error -16
UBIFS: mounted UBI device 0, volume 3, name "config"
UBIFS: file system size:   2967552 bytes (2898 KiB, 2 MiB, 23 LEBs)
UBIFS: journal size:       1032193 bytes (1008 KiB, 0 MiB, 6 LEBs)
UBIFS: media format:       w4/r0 (latest is w4/r0)
UBIFS: default compressor: lzo
UBIFS: reserved for root:  140164 bytes (136 KiB)
